QA output created by 230

### test user limit enforcement

### create files, setting up ownership (type=u)
### some buffered IO (type=u)
Write 225 blocks...
Rewrite 250 blocks plus 1 byte...
Write 250 blocks...
pwrite: Disk quota exceeded
Write 1 block...
pwrite: Disk quota exceeded
Touch 3+4
Touch 5+6
touch: cannot touch 'SCRATCH_MNT/file6': Disk quota exceeded
Touch 5
touch: cannot touch 'SCRATCH_MNT/file5': Disk quota exceeded

### test group limit enforcement

### create files, setting up ownership (type=g)
### some buffered IO (type=g)
Write 225 blocks...
Rewrite 250 blocks plus 1 byte...
Write 250 blocks...
pwrite: Disk quota exceeded
Write 1 block...
pwrite: Disk quota exceeded
Touch 3+4
Touch 5+6
touch: cannot touch 'SCRATCH_MNT/file6': Disk quota exceeded
Touch 5
touch: cannot touch 'SCRATCH_MNT/file5': Disk quota exceeded
