QA output created by 050
*** user
meta-data=DDEV isize=XXX agcount=N, agsize=XXX blks
data     = bsize=XXX blocks=XXX, imaxpct=PCT
         = sunit=XXX swidth=XXX, unwritten=X
naming   =VERN bsize=XXX
log      =LDEV bsize=XXX blocks=XXX
realtime =RDEV extsz=XXX blocks=XXX, rtextents=XXX

*** report no quota settings
[ROOT] 0 0 0 00 [--------] 3 0 0 00 [--------] 0 0 0 00 [--------]

*** report initial settings
[ROOT] 0 0 0 00 [--------] 3 0 0 00 [--------] 0 0 0 00 [--------]
[NAME] 0 200 1000 00 [--------] 1 4 10 00 [--------] 0 0 0 00 [--------]

*** push past the soft inode limit
[ROOT] 0 0 0 00 [--------] 3 0 0 00 [--------] 0 0 0 00 [--------]
[NAME] 0 200 1000 00 [--------] 5 4 10 00 [7 days] 0 0 0 00 [--------]

*** push past the soft block limit
[ROOT] 0 0 0 00 [--------] 3 0 0 00 [--------] 0 0 0 00 [--------]
[NAME] 300 200 1000 00 [7 days] 6 4 10 00 [7 days] 0 0 0 00 [--------]

*** push past the hard inode limit (expect EDQUOT)
[ROOT] 0 0 0 00 [--------] 3 0 0 00 [--------] 0 0 0 00 [--------]
[NAME] 300 200 1000 00 [7 days] 10 4 10 00 [7 days] 0 0 0 00 [--------]

*** push past the hard block limit (expect EDQUOT)
[ROOT] 0 0 0 00 [--------] 3 0 0 00 [--------] 0 0 0 00 [--------]
[NAME] =OK= 200 1000 0 [7 days] 10 4 10 00 [7 days] 0 0 0 00 [--------]

*** unmount
*** group
meta-data=DDEV isize=XXX agcount=N, agsize=XXX blks
data     = bsize=XXX blocks=XXX, imaxpct=PCT
         = sunit=XXX swidth=XXX, unwritten=X
naming   =VERN bsize=XXX
log      =LDEV bsize=XXX blocks=XXX
realtime =RDEV extsz=XXX blocks=XXX, rtextents=XXX

*** report no quota settings
[ROOT] 0 0 0 00 [--------] 3 0 0 00 [--------] 0 0 0 00 [--------]

*** report initial settings
[ROOT] 0 0 0 00 [--------] 3 0 0 00 [--------] 0 0 0 00 [--------]
[NAME] 0 200 1000 00 [--------] 1 4 10 00 [--------] 0 0 0 00 [--------]

*** push past the soft inode limit
[ROOT] 0 0 0 00 [--------] 3 0 0 00 [--------] 0 0 0 00 [--------]
[NAME] 0 200 1000 00 [--------] 5 4 10 00 [7 days] 0 0 0 00 [--------]

*** push past the soft block limit
[ROOT] 0 0 0 00 [--------] 3 0 0 00 [--------] 0 0 0 00 [--------]
[NAME] 300 200 1000 00 [7 days] 6 4 10 00 [7 days] 0 0 0 00 [--------]

*** push past the hard inode limit (expect EDQUOT)
[ROOT] 0 0 0 00 [--------] 3 0 0 00 [--------] 0 0 0 00 [--------]
[NAME] 300 200 1000 00 [7 days] 10 4 10 00 [7 days] 0 0 0 00 [--------]

*** push past the hard block limit (expect EDQUOT)
[ROOT] 0 0 0 00 [--------] 3 0 0 00 [--------] 0 0 0 00 [--------]
[NAME] =OK= 200 1000 0 [7 days] 10 4 10 00 [7 days] 0 0 0 00 [--------]

*** unmount
*** uqnoenforce
meta-data=DDEV isize=XXX agcount=N, agsize=XXX blks
data     = bsize=XXX blocks=XXX, imaxpct=PCT
         = sunit=XXX swidth=XXX, unwritten=X
naming   =VERN bsize=XXX
log      =LDEV bsize=XXX blocks=XXX
realtime =RDEV extsz=XXX blocks=XXX, rtextents=XXX

*** report no quota settings
[ROOT] 0 0 0 00 [--------] 3 0 0 00 [--------] 0 0 0 00 [--------]

*** report initial settings
[ROOT] 0 0 0 00 [--------] 3 0 0 00 [--------] 0 0 0 00 [--------]
[NAME] 0 200 1000 00 [--------] 1 4 10 00 [--------] 0 0 0 00 [--------]

*** push past the soft inode limit
[ROOT] 0 0 0 00 [--------] 3 0 0 00 [--------] 0 0 0 00 [--------]
[NAME] 0 200 1000 00 [--------] 5 4 10 00 [--------] 0 0 0 00 [--------]

*** push past the soft block limit
[ROOT] 0 0 0 00 [--------] 3 0 0 00 [--------] 0 0 0 00 [--------]
[NAME] 300 200 1000 00 [--------] 6 4 10 00 [--------] 0 0 0 00 [--------]

*** push past the hard inode limit (expect EDQUOT)
[ROOT] 0 0 0 00 [--------] 3 0 0 00 [--------] 0 0 0 00 [--------]
[NAME] 300 200 1000 00 [--------] 18 4 10 00 [--none--] 0 0 0 00 [--------]

*** push past the hard block limit (expect EDQUOT)
[ROOT] 0 0 0 00 [--------] 3 0 0 00 [--------] 0 0 0 00 [--------]
[NAME] 1200 200 1000 00 [--none--] 18 4 10 00 [--none--] 0 0 0 00 [--------]

*** unmount
*** gqnoenforce
meta-data=DDEV isize=XXX agcount=N, agsize=XXX blks
data     = bsize=XXX blocks=XXX, imaxpct=PCT
         = sunit=XXX swidth=XXX, unwritten=X
naming   =VERN bsize=XXX
log      =LDEV bsize=XXX blocks=XXX
realtime =RDEV extsz=XXX blocks=XXX, rtextents=XXX

*** report no quota settings
[ROOT] 0 0 0 00 [--------] 3 0 0 00 [--------] 0 0 0 00 [--------]

*** report initial settings
[ROOT] 0 0 0 00 [--------] 3 0 0 00 [--------] 0 0 0 00 [--------]
[NAME] 0 200 1000 00 [--------] 1 4 10 00 [--------] 0 0 0 00 [--------]

*** push past the soft inode limit
[ROOT] 0 0 0 00 [--------] 3 0 0 00 [--------] 0 0 0 00 [--------]
[NAME] 0 200 1000 00 [--------] 5 4 10 00 [--------] 0 0 0 00 [--------]

*** push past the soft block limit
[ROOT] 0 0 0 00 [--------] 3 0 0 00 [--------] 0 0 0 00 [--------]
[NAME] 300 200 1000 00 [--------] 6 4 10 00 [--------] 0 0 0 00 [--------]

*** push past the hard inode limit (expect EDQUOT)
[ROOT] 0 0 0 00 [--------] 3 0 0 00 [--------] 0 0 0 00 [--------]
[NAME] 300 200 1000 00 [--------] 18 4 10 00 [--none--] 0 0 0 00 [--------]

*** push past the hard block limit (expect EDQUOT)
[ROOT] 0 0 0 00 [--------] 3 0 0 00 [--------] 0 0 0 00 [--------]
[NAME] 1200 200 1000 00 [--none--] 18 4 10 00 [--none--] 0 0 0 00 [--------]

*** unmount
*** pquota
meta-data=DDEV isize=XXX agcount=N, agsize=XXX blks
data     = bsize=XXX blocks=XXX, imaxpct=PCT
         = sunit=XXX swidth=XXX, unwritten=X
naming   =VERN bsize=XXX
log      =LDEV bsize=XXX blocks=XXX
realtime =RDEV extsz=XXX blocks=XXX, rtextents=XXX

*** report no quota settings
[ROOT] 0 0 0 00 [--------] 3 0 0 00 [--------] 0 0 0 00 [--------]

*** report initial settings
[ROOT] 0 0 0 00 [--------] 3 0 0 00 [--------] 0 0 0 00 [--------]
[NAME] 0 200 1000 00 [--------] 1 4 10 00 [--------] 0 0 0 00 [--------]

*** push past the soft inode limit
[ROOT] 0 0 0 00 [--------] 3 0 0 00 [--------] 0 0 0 00 [--------]
[NAME] 0 200 1000 00 [--------] 5 4 10 00 [7 days] 0 0 0 00 [--------]

*** push past the soft block limit
[ROOT] 0 0 0 00 [--------] 3 0 0 00 [--------] 0 0 0 00 [--------]
[NAME] 300 200 1000 00 [7 days] 6 4 10 00 [7 days] 0 0 0 00 [--------]

*** push past the hard inode limit (expect EDQUOT)
[ROOT] 0 0 0 00 [--------] 3 0 0 00 [--------] 0 0 0 00 [--------]
[NAME] 300 200 1000 00 [7 days] 9 4 10 00 [7 days] 0 0 0 00 [--------]

*** push past the hard block limit (expect EDQUOT)
[ROOT] 0 0 0 00 [--------] 3 0 0 00 [--------] 0 0 0 00 [--------]
[NAME] =OK= 200 1000 0 [7 days] 9 4 10 00 [7 days] 0 0 0 00 [--------]

*** unmount
*** pqnoenforce
meta-data=DDEV isize=XXX agcount=N, agsize=XXX blks
data     = bsize=XXX blocks=XXX, imaxpct=PCT
         = sunit=XXX swidth=XXX, unwritten=X
naming   =VERN bsize=XXX
log      =LDEV bsize=XXX blocks=XXX
realtime =RDEV extsz=XXX blocks=XXX, rtextents=XXX

*** report no quota settings
[ROOT] 0 0 0 00 [--------] 3 0 0 00 [--------] 0 0 0 00 [--------]

*** report initial settings
[ROOT] 0 0 0 00 [--------] 3 0 0 00 [--------] 0 0 0 00 [--------]
[NAME] 0 200 1000 00 [--------] 1 4 10 00 [--------] 0 0 0 00 [--------]

*** push past the soft inode limit
[ROOT] 0 0 0 00 [--------] 3 0 0 00 [--------] 0 0 0 00 [--------]
[NAME] 0 200 1000 00 [--------] 5 4 10 00 [--------] 0 0 0 00 [--------]

*** push past the soft block limit
[ROOT] 0 0 0 00 [--------] 3 0 0 00 [--------] 0 0 0 00 [--------]
[NAME] 300 200 1000 00 [--------] 6 4 10 00 [--------] 0 0 0 00 [--------]

*** push past the hard inode limit (expect EDQUOT)
[ROOT] 0 0 0 00 [--------] 3 0 0 00 [--------] 0 0 0 00 [--------]
[NAME] 300 200 1000 00 [--------] 18 4 10 00 [--none--] 0 0 0 00 [--------]

*** push past the hard block limit (expect EDQUOT)
[ROOT] 0 0 0 00 [--------] 3 0 0 00 [--------] 0 0 0 00 [--------]
[NAME] 1200 200 1000 00 [--none--] 18 4 10 00 [--none--] 0 0 0 00 [--------]

*** unmount
