QA output created by 522
* Delalloc to written extent conversion
Format and mount fs
Inject reduce_max_iextents error tag
Create fragmented file
Verify $testfile's extent count
* Fallocate of unwritten extents
Format and mount fs
Inject reduce_max_iextents error tag
Fallocate fragmented file
Verify $testfile's extent count
* Extend quota inodes
Format and mount fs
Consume free space
Create fragmented filesystem
Inject reduce_max_iextents error tag
Inject bmap_alloc_minlen_extent error tag
Extend uquota file
Verify uquota inode's extent count
* Directio write
Format and mount fs
Inject reduce_max_iextents error tag
Create fragmented file via directio writes
Verify $testfile's extent count
