QA output created by 523
* Test extending rt inodes
Create fake rt volume
Format and mount rt volume
Consume free space
Create fragmented filesystem
Inject reduce_max_iextents error tag
Inject bmap_alloc_minlen_extent error tag
Grow realtime volume
Verify rbmino's and rsumino's extent count
Check filesystem
