QA output created by 524
Format and mount fs
Inject reduce_max_iextents error tag
* fpunch regular file
Create $testfile
fpunch alternating blocks
Verify $testfile's extent count
* finsert regular file
Create $testfile
finsert alternating blocks
Verify $testfile's extent count
* fcollapse regular file
Create $testfile
fcollapse alternating blocks
Verify $testfile's extent count
* fzero regular file
Create $testfile
fzero alternating blocks
Verify $testfile's extent count
