QA output created by 525
Format and mount fs
Consume free space
Create fragmented filesystem
Inject reduce_max_iextents error tag
Inject bmap_alloc_minlen_extent error tag
* Set xattrs
Create $testfile
Create xattrs
Verify $testfile's naextent count
Remove one xattr
Remove $testfile
* Remove xattrs
Create $testfile
Disable reduce_max_iextents error tag
Create initial xattr extents
Inject reduce_max_iextents error tag
Remove xattr to trigger -EFBIG
Successfully removed $testfile
