QA output created by 528
Format and mount fs
* Delalloc to written extent conversion
Inject reduce_max_iextents error tag
Create fragmented file
Verify $testfile's extent count
* Fallocate unwritten extents
Fallocate fragmented file
Verify $testfile's extent count
* Directio write
Create fragmented file via directio writes
Verify $testfile's extent count
* Extend quota inodes
Disable reduce_max_iextents error tag
Consume free space
Create fragmented filesystem
Inject reduce_max_iextents error tag
Inject bmap_alloc_minlen_extent error tag
Extend uquota file
Verify uquota inode's extent count
