QA output created by 529
Format and mount fs
* Delalloc to written extent conversion
Inject reduce_max_iextents error tag
Create fragmented file
Verify $testfile's extent count
Disable reduce_max_iextents error tag
* Fallocate unwritten extents
Inject reduce_max_iextents error tag
Fallocate fragmented file
Verify $testfile's extent count
Disable reduce_max_iextents error tag
* Directio write
Inject reduce_max_iextents error tag
Create fragmented file via directio writes
Verify $testfile's extent count
Disable reduce_max_iextents error tag
* Extend quota inodes
Consume free space
Create fragmented filesystem
Inject reduce_max_iextents error tag
Inject bmap_alloc_minlen_extent error tag
Extend uquota file
Verify uquota inode's extent count
