QA output created by 531
Format and mount fs
Consume free space
Create fragmented filesystem
Inject bmap_alloc_minlen_extent error tag
Scale fsstress args
Execute fsstress in background
