QA output created by 533
Format and mount fs
Inject reduce_max_iextents error tag
* Buffered write to unwritten extent
Fallocate 15 blocks
Buffered write to every other block of fallocated space
Verify $testfile's extent count
* Direct write to unwritten extent
Fallocate 15 blocks
Direct write to every other block of fallocated space
Verify $testfile's extent count
