QA output created by 535
* Reflink remap extents
Format and mount fs
Create $srcfile having an extent of length 15 blocks
Create $dstfile having an extent of length 15 blocks
Inject reduce_max_iextents error tag
Reflink every other block from $srcfile into $dstfile
Verify $dstfile's extent count
