QA output created by 041
Testing restore of file compressed with lzo
Blocks modified: [0 - 24]
Blocks modified: [24 - 48]
Blocks modified: [2 - 2]
Blocks modified: [8 - 8]
Blocks modified: [24 - 24]
Testing restore of file compressed with zlib
Blocks modified: [0 - 24]
Blocks modified: [24 - 48]
Blocks modified: [2 - 2]
Blocks modified: [8 - 8]
Blocks modified: [24 - 24]
Testing restore of file without any compression
Blocks modified: [0 - 24]
Blocks modified: [24 - 48]
Blocks modified: [2 - 2]
Blocks modified: [8 - 8]
Blocks modified: [24 - 24]
