QA output created by 094
Blocks modified: [16 - 47]
Blocks modified: [16 - 43]
Blocks modified: [45 - 47]
