QA output created by 095
Blocks modified: [135 - 164]
Blocks modified: [768 - 792]
