QA output created by 137
Blocks modified: [0 - 0]
Blocks modified: [0 - 0]
Blocks modified: [257 - 257]
Blocks modified: [257 - 257]
Blocks modified: [257 - 257]

File digests in the original filesystem:
0 aa aa aa aa aa aa aa aa aa aa aa aa aa aa aa aa
*
1
0 aa aa aa aa aa aa aa aa aa aa aa aa aa aa aa aa
*
1 00 00 00 00 00 00 00 00 00 00 00 00 00 00 00 00
*
401 bb bb bb bb bb bb bb bb bb bb bb bb bb bb bb bb
*
402
0 aa aa aa aa aa aa aa aa aa aa aa aa aa aa aa aa
*
1 00 00 00 00 00 00 00 00 00 00 00 00 00 00 00 00
*
401 bb bb bb bb bb bb bb bb bb bb bb bb bb bb bb bb
*
402
0 aa aa aa aa aa aa aa aa aa aa aa aa aa aa aa aa
*
1 00 00 00 00 00 00 00 00 00 00 00 00 00 00 00 00
*
401 cc cc cc cc cc cc cc cc cc cc cc cc cc cc cc cc
*
402

File snap1/foo fiemap results in the original filesystem:
0: [0..0]: data

File snap1/bar fiemap results in the original filesystem:
0: [0..0]: data
1: [1..256]: hole
2: [257..257]: data

File snap2/foo fiemap results in the original filesystem:
0: [0..0]: data
1: [1..256]: hole
2: [257..257]: data

File snap2/bar fiemap results in the original filesystem:
0: [0..0]: data
1: [1..256]: hole
2: [257..257]: data

At subvol SCRATCH_MNT/snap1
At subvol SCRATCH_MNT/snap2
At subvol snap1

File digests in the new filesystem:
0 aa aa aa aa aa aa aa aa aa aa aa aa aa aa aa aa
*
1
0 aa aa aa aa aa aa aa aa aa aa aa aa aa aa aa aa
*
1 00 00 00 00 00 00 00 00 00 00 00 00 00 00 00 00
*
401 bb bb bb bb bb bb bb bb bb bb bb bb bb bb bb bb
*
402
0 aa aa aa aa aa aa aa aa aa aa aa aa aa aa aa aa
*
1 00 00 00 00 00 00 00 00 00 00 00 00 00 00 00 00
*
401 bb bb bb bb bb bb bb bb bb bb bb bb bb bb bb bb
*
402
0 aa aa aa aa aa aa aa aa aa aa aa aa aa aa aa aa
*
1 00 00 00 00 00 00 00 00 00 00 00 00 00 00 00 00
*
401 cc cc cc cc cc cc cc cc cc cc cc cc cc cc cc cc
*
402

File snap1/foo fiemap results in the new filesystem:
0: [0..0]: data

File snap1/bar fiemap results in the new filesystem:
0: [0..0]: data
1: [1..256]: hole
2: [257..257]: data

File snap2/foo fiemap results in the new filesystem:
0: [0..0]: data
1: [1..256]: hole
2: [257..257]: data

File snap2/bar fiemap results in the new filesystem:
0: [0..0]: data
1: [1..256]: hole
2: [257..257]: data
